<workbook>
  <sheet name="enum-transform" columns="2" rows="5">
    <column name="bug" type="java.lang.Double"/>
    <column name="state" type="com.kasisoft.lgpl.libs.plex.test.TransformTest$StateEnum"/>
    <row row="0">
      <bug>72887.0</bug>
      <state>Resolved</state>
    </row>
    <row row="1">
      <bug>2973.0</bug>
      <state>Fixed</state>
    </row>
    <row row="2">
      <bug>3098.0</bug>
      <state>Closed</state>
    </row>
    <row row="3">
      <bug>3093.0</bug>
      <state>Invalid</state>
    </row>
    <row row="4">
      <bug>88472.0</bug>
      <state>Fixed</state>
    </row>
  </sheet>
</workbook>
