<workbook>
  <sheet name="detect-column-with-offset" columns="2" rows="5">
    <column name="key" type="java.lang.String"/>
    <column name="value" type="java.lang.String"/>
    <row row="0">
      <key>Value</key>
      <value>Key2</value>
    </row>
    <row row="1">
      <key>cake</key>
      <value>parc</value>
    </row>
    <row row="2">
      <key>boy</key>
      <value>erif</value>
    </row>
    <row row="3">
      <key>lake</key>
      <value>neerg</value>
    </row>
    <row row="4">
      <key>fluppi</key>
      <value>ippuh</value>
    </row>
  </sheet>
</workbook>
