<workbook>
  <sheet name="detect-column" columns="2" rows="5">
    <column name="key" type="java.lang.String"/>
    <column name="value" type="java.lang.String"/>
    <row row="0">
      <key>Key</key>
      <value>Value</value>
    </row>
    <row row="1">
      <key>crap</key>
      <value>cake</value>
    </row>
    <row row="2">
      <key>fire</key>
      <value>boy</value>
    </row>
    <row row="3">
      <key>green</key>
      <value>lake</value>
    </row>
    <row row="4">
      <key>huppi</key>
      <value>fluppi</value>
    </row>
  </sheet>
</workbook>
