<workbook>
  <sheet name="column-group-detect" columns="6" rows="5">
    <column name="name[0]" type="java.lang.String"/>
    <column name="callname[0]" type="java.lang.String"/>
    <column name="age[0]" type="java.lang.Object"/>
    <column name="name[1]" type="java.lang.String"/>
    <column name="callname[1]" type="java.lang.String"/>
    <column name="age[1]" type="java.lang.Object"/>
    <row row="0">
      <name[0]>Name</name[0]>
      <callname[0]>Callname</callname[0]>
      <age[0]>Age</age[0]>
      <name[1]>Name</name[1]>
      <callname[1]>Callname</callname[1]>
      <age[1]>Age</age[1]>
    </row>
    <row row="1">
      <name[0]>Astair</name[0]>
      <callname[0]>Fred</callname[0]>
      <age[0]>28.0</age[0]>
      <name[1]>Mercury</name[1]>
      <callname[1]>Freddy</callname[1]>
      <age[1]>47.0</age[1]>
    </row>
    <row row="2">
      <name[0]>May</name[0]>
      <callname[0]>Brian</callname[0]>
      <age[0]>67.0</age[0]>
      <name[1]>Michael</name[1]>
      <callname[1]>George</callname[1]>
      <age[1]>53.0</age[1]>
    </row>
    <row row="3">
      <name[0]>Minogue</name[0]>
      <callname[0]>Kylie</callname[0]>
      <age[0]>43.0</age[0]>
      <name[1]>Vega</name[1]>
      <callname[1]>Suzanne</callname[1]>
      <age[1]>51.0</age[1]>
    </row>
    <row row="4">
      <name[0]>Bradfield</name[0]>
      <callname[0]>James Dean</callname[0]>
      <age[0]>54.0</age[0]>
      <name[1]/>
      <callname[1]/>
      <age[1]/>
    </row>
  </sheet>
</workbook>
